200 elites, measuring 200 in 130 (gen, seed) groups; T=3, sigma=0.1, segment_seconds 8.0
group 1/130 gen 22 n=1 wall 27s
group 2/130 gen 29 n=1 wall 54s
group 3/130 gen 32 n=1 wall 80s
group 4/130 gen 39 n=1 wall 119s
group 5/130 gen 78 n=1 wall 150s
group 6/130 gen 80 n=1 wall 190s
group 7/130 gen 81 n=1 wall 229s
group 8/130 gen 83 n=1 wall 254s
group 9/130 gen 84 n=1 wall 292s
group 10/130 gen 86 n=1 wall 322s
group 11/130 gen 87 n=1 wall 368s
group 12/130 gen 93 n=4 wall 484s
group 13/130 gen 96 n=1 wall 519s
group 14/130 gen 97 n=1 wall 561s
group 15/130 gen 103 n=1 wall 589s
group 16/130 gen 105 n=1 wall 620s
group 17/130 gen 109 n=1 wall 645s
group 18/130 gen 112 n=1 wall 671s
group 19/130 gen 117 n=1 wall 723s
group 20/130 gen 118 n=1 wall 753s
group 21/130 gen 122 n=1 wall 780s
group 22/130 gen 123 n=2 wall 829s
group 23/130 gen 125 n=1 wall 877s
group 24/130 gen 132 n=1 wall 902s
group 25/130 gen 133 n=1 wall 928s
group 26/130 gen 135 n=2 wall 991s
group 27/130 gen 136 n=1 wall 1013s
/home/hundo/Projects/Dytiscidae/dytiscidae/dytiscidae/physics/fluid.py:773: RuntimeWarning: overflow encountered in multiply
  fa = np.sqrt(lift * lift + drag * drag)
/home/hundo/Projects/Dytiscidae/dytiscidae/dytiscidae/physics/fluid.py:699: RuntimeWarning: invalid value encountered in matmul
  agg = S @ np.concatenate([b[:, None], b[:, None] * r, b[:, None] * m9], axis=1)
/home/hundo/Projects/Dytiscidae/dytiscidae/.venv/lib/python3.12/site-packages/numpy/_core/_methods.py:49: RuntimeWarning: invalid value encountered in reduce
  return umr_sum(a, axis, dtype, out, keepdims, initial, where)
WARNING: Nan, Inf or huge value in QACC at DOF 0. The simulation is unstable. Time = 7.2640.

WARNING: Nan, Inf or huge value in QPOS at DOF 0. The simulation is unstable. Time = 0.0040.

WARNING: Nan, Inf or huge value in QACC at DOF 0. The simulation is unstable. Time = 0.0000.

WARNING: Nan, Inf or huge value in QPOS at DOF 0. The simulation is unstable. Time = 0.0040.

WARNING: Nan, Inf or huge value in QACC at DOF 0. The simulation is unstable. Time = 0.0000.

WARNING: Nan, Inf or huge value in QPOS at DOF 0. The simulation is unstable. Time = 0.0040.

WARNING: Nan, Inf or huge value in QACC at DOF 0. The simulation is unstable. Time = 0.0000.

/home/hundo/Projects/Dytiscidae/dytiscidae/dytiscidae/physics/fluid.py:510: RuntimeWarning: invalid value encountered in divide
  f = F / T
/home/hundo/Projects/Dytiscidae/dytiscidae/dytiscidae/physics/fluid.py:810: RuntimeWarning: invalid value encountered in multiply
  fb *= limit / total
/home/hundo/Projects/Dytiscidae/dytiscidae/dytiscidae/physics/fluid.py:708: RuntimeWarning: invalid value encountered in matmul
  + 2.0 * (B1 @ lxw.T) + B2 @ ww.T)
/home/hundo/Projects/Dytiscidae/dytiscidae/dytiscidae/physics/fluid.py:707: RuntimeWarning: invalid value encountered in add
  val = (B0[:, None] * (lin * lin).sum(1)[None, :]
WARNING: Nan, Inf or huge value in QACC at DOF 0. The simulation is unstable. Time = 7.2800.

WARNING: Nan, Inf or huge value in QACC at DOF 0. The simulation is unstable. Time = 7.2800.

WARNING: Nan, Inf or huge value in QPOS at DOF 0. The simulation is unstable. Time = 0.0040.

WARNING: Nan, Inf or huge value in QACC at DOF 0. The simulation is unstable. Time = 0.0000.

WARNING: Nan, Inf or huge value in QPOS at DOF 0. The simulation is unstable. Time = 0.0040.

WARNING: Nan, Inf or huge value in QACC at DOF 0. The simulation is unstable. Time = 0.0000.

WARNING: Nan, Inf or huge value in QPOS at DOF 0. The simulation is unstable. Time = 0.0040.

WARNING: Nan, Inf or huge value in QACC at DOF 0. The simulation is unstable. Time = 0.0000.

WARNING: Nan, Inf or huge value in QPOS at DOF 0. The simulation is unstable. Time = 0.0040.

WARNING: Nan, Inf or huge value in QACC at DOF 0. The simulation is unstable. Time = 0.0000.

WARNING: Nan, Inf or huge value in QPOS at DOF 0. The simulation is unstable. Time = 0.0040.

WARNING: Nan, Inf or huge value in QACC at DOF 0. The simulation is unstable. Time = 0.0000.

WARNING: Nan, Inf or huge value in QPOS at DOF 0. The simulation is unstable. Time = 0.0040.

WARNING: Nan, Inf or huge value in QACC at DOF 0. The simulation is unstable. Time = 0.0000.

WARNING: Nan, Inf or huge value in QPOS at DOF 0. The simulation is unstable. Time = 0.0040.

WARNING: Nan, Inf or huge value in QACC at DOF 0. The simulation is unstable. Time = 0.0000.

WARNING: Nan, Inf or huge value in QPOS at DOF 0. The simulation is unstable. Time = 0.0040.

WARNING: Nan, Inf or huge value in QACC at DOF 0. The simulation is unstable. Time = 0.0000.

WARNING: Nan, Inf or huge value in QPOS at DOF 0. The simulation is unstable. Time = 0.0040.

WARNING: Nan, Inf or huge value in QACC at DOF 0. The simulation is unstable. Time = 0.0000.

WARNING: Nan, Inf or huge value in QPOS at DOF 0. The simulation is unstable. Time = 0.0040.

WARNING: Nan, Inf or huge value in QACC at DOF 0. The simulation is unstable. Time = 0.0000.

WARNING: Nan, Inf or huge value in QPOS at DOF 0. The simulation is unstable. Time = 0.0040.

WARNING: Nan, Inf or huge value in QACC at DOF 0. The simulation is unstable. Time = 0.0000.

WARNING: Nan, Inf or huge value in QPOS at DOF 0. The simulation is unstable. Time = 0.0040.

WARNING: Nan, Inf or huge value in QACC at DOF 0. The simulation is unstable. Time = 0.0000.

WARNING: Nan, Inf or huge value in QPOS at DOF 0. The simulation is unstable. Time = 0.0040.

WARNING: Nan, Inf or huge value in QACC at DOF 0. The simulation is unstable. Time = 0.0000.

WARNING: Nan, Inf or huge value in QPOS at DOF 0. The simulation is unstable. Time = 0.0040.

WARNING: Nan, Inf or huge value in QACC at DOF 0. The simulation is unstable. Time = 0.0000.

WARNING: Nan, Inf or huge value in QPOS at DOF 0. The simulation is unstable. Time = 0.0040.

WARNING: Nan, Inf or huge value in QACC at DOF 0. The simulation is unstable. Time = 0.0000.

WARNING: Nan, Inf or huge value in QPOS at DOF 0. The simulation is unstable. Time = 0.0040.

WARNING: Nan, Inf or huge value in QACC at DOF 0. The simulation is unstable. Time = 0.0000.

WARNING: Nan, Inf or huge value in QPOS at DOF 0. The simulation is unstable. Time = 0.0040.

WARNING: Nan, Inf or huge value in QACC at DOF 0. The simulation is unstable. Time = 0.0000.

WARNING: Nan, Inf or huge value in QPOS at DOF 0. The simulation is unstable. Time = 0.0040.

WARNING: Nan, Inf or huge value in QACC at DOF 0. The simulation is unstable. Time = 0.0000.

WARNING: Nan, Inf or huge value in QACC at DOF 0. The simulation is unstable. Time = 3.6080.

WARNING: Nan, Inf or huge value in QACC at DOF 0. The simulation is unstable. Time = 4.7200.

WARNING: Nan, Inf or huge value in QPOS at DOF 0. The simulation is unstable. Time = 0.0040.

WARNING: Nan, Inf or huge value in QACC at DOF 0. The simulation is unstable. Time = 0.0000.

WARNING: Nan, Inf or huge value in QPOS at DOF 0. The simulation is unstable. Time = 0.0040.

WARNING: Nan, Inf or huge value in QACC at DOF 0. The simulation is unstable. Time = 0.0000.

WARNING: Nan, Inf or huge value in QPOS at DOF 0. The simulation is unstable. Time = 0.0040.

WARNING: Nan, Inf or huge value in QACC at DOF 0. The simulation is unstable. Time = 0.0000.

WARNING: Nan, Inf or huge value in QPOS at DOF 0. The simulation is unstable. Time = 0.0040.

WARNING: Nan, Inf or huge value in QACC at DOF 0. The simulation is unstable. Time = 0.0000.

WARNING: Nan, Inf or huge value in QPOS at DOF 0. The simulation is unstable. Time = 0.0040.

WARNING: Nan, Inf or huge value in QACC at DOF 0. The simulation is unstable. Time = 0.0000.

WARNING: Nan, Inf or huge value in QPOS at DOF 0. The simulation is unstable. Time = 0.0040.

WARNING: Nan, Inf or huge value in QACC at DOF 0. The simulation is unstable. Time = 0.0000.

WARNING: Nan, Inf or huge value in QPOS at DOF 0. The simulation is unstable. Time = 0.0040.

WARNING: Nan, Inf or huge value in QACC at DOF 0. The simulation is unstable. Time = 0.0000.

WARNING: Nan, Inf or huge value in QPOS at DOF 0. The simulation is unstable. Time = 0.0040.

WARNING: Nan, Inf or huge value in QACC at DOF 0. The simulation is unstable. Time = 0.0000.

WARNING: Nan, Inf or huge value in QPOS at DOF 0. The simulation is unstable. Time = 0.0040.

WARNING: Nan, Inf or huge value in QACC at DOF 0. The simulation is unstable. Time = 0.0000.

WARNING: Nan, Inf or huge value in QACC at DOF 0. The simulation is unstable. Time = 4.7600.

WARNING: Nan, Inf or huge value in QPOS at DOF 0. The simulation is unstable. Time = 0.0040.

WARNING: Nan, Inf or huge value in QACC at DOF 0. The simulation is unstable. Time = 0.0000.

WARNING: Nan, Inf or huge value in QPOS at DOF 0. The simulation is unstable. Time = 0.0040.

WARNING: Nan, Inf or huge value in QACC at DOF 0. The simulation is unstable. Time = 0.0000.

WARNING: Nan, Inf or huge value in QPOS at DOF 0. The simulation is unstable. Time = 0.0040.

WARNING: Nan, Inf or huge value in QACC at DOF 0. The simulation is unstable. Time = 0.0000.

WARNING: Nan, Inf or huge value in QACC at DOF 0. The simulation is unstable. Time = 6.8800.

WARNING: Nan, Inf or huge value in QPOS at DOF 0. The simulation is unstable. Time = 0.0040.

WARNING: Nan, Inf or huge value in QACC at DOF 0. The simulation is unstable. Time = 0.0000.

WARNING: Nan, Inf or huge value in QPOS at DOF 0. The simulation is unstable. Time = 0.0040.

WARNING: Nan, Inf or huge value in QACC at DOF 0. The simulation is unstable. Time = 0.0000.

WARNING: Nan, Inf or huge value in QPOS at DOF 0. The simulation is unstable. Time = 0.0040.

WARNING: Nan, Inf or huge value in QACC at DOF 0. The simulation is unstable. Time = 0.0000.

WARNING: Nan, Inf or huge value in QPOS at DOF 0. The simulation is unstable. Time = 0.0040.

WARNING: Nan, Inf or huge value in QACC at DOF 0. The simulation is unstable. Time = 0.0000.

WARNING: Nan, Inf or huge value in QPOS at DOF 0. The simulation is unstable. Time = 0.0040.

WARNING: Nan, Inf or huge value in QACC at DOF 0. The simulation is unstable. Time = 0.0000.

WARNING: Nan, Inf or huge value in QPOS at DOF 0. The simulation is unstable. Time = 0.0040.

WARNING: Nan, Inf or huge value in QACC at DOF 0. The simulation is unstable. Time = 0.0000.

WARNING: Nan, Inf or huge value in QPOS at DOF 0. The simulation is unstable. Time = 0.0040.

WARNING: Nan, Inf or huge value in QACC at DOF 0. The simulation is unstable. Time = 0.0000.

WARNING: Nan, Inf or huge value in QPOS at DOF 0. The simulation is unstable. Time = 0.0040.

WARNING: Nan, Inf or huge value in QACC at DOF 0. The simulation is unstable. Time = 0.0000.

WARNING: Nan, Inf or huge value in QPOS at DOF 0. The simulation is unstable. Time = 0.0040.

WARNING: Nan, Inf or huge value in QACC at DOF 0. The simulation is unstable. Time = 0.0000.

WARNING: Nan, Inf or huge value in QACC at DOF 0. The simulation is unstable. Time = 2.9080.

WARNING: Nan, Inf or huge value in QPOS at DOF 0. The simulation is unstable. Time = 0.0040.

WARNING: Nan, Inf or huge value in QACC at DOF 0. The simulation is unstable. Time = 0.0000.

WARNING: Nan, Inf or huge value in QACC at DOF 0. The simulation is unstable. Time = 2.9080.

WARNING: Nan, Inf or huge value in QPOS at DOF 0. The simulation is unstable. Time = 0.0040.

WARNING: Nan, Inf or huge value in QACC at DOF 0. The simulation is unstable. Time = 0.0000.

WARNING: Nan, Inf or huge value in QACC at DOF 0. The simulation is unstable. Time = 6.9400.

WARNING: Nan, Inf or huge value in QACC at DOF 7. The simulation is unstable. Time = 1.2520.

group 28/130 gen 140 n=1 wall 1039s
group 29/130 gen 142 n=1 wall 1068s
group 30/130 gen 150 n=3 wall 1140s
group 31/130 gen 152 n=1 wall 1163s
group 32/130 gen 153 n=1 wall 1200s
group 33/130 gen 155 n=1 wall 1232s
group 34/130 gen 158 n=1 wall 1262s
group 35/130 gen 160 n=1 wall 1287s
group 36/130 gen 161 n=1 wall 1332s
group 37/130 gen 162 n=1 wall 1357s
group 38/130 gen 165 n=1 wall 1410s
group 39/130 gen 166 n=2 wall 1465s
group 40/130 gen 168 n=2 wall 1507s
WARNING: Nan, Inf or huge value in QACC at DOF 0. The simulation is unstable. Time = 1.8280.

WARNING: Nan, Inf or huge value in QACC at DOF 0. The simulation is unstable. Time = 1.8280.

group 41/130 gen 169 n=1 wall 1539s
group 42/130 gen 170 n=2 wall 1609s
group 43/130 gen 171 n=1 wall 1636s
group 44/130 gen 172 n=1 wall 1681s
group 45/130 gen 175 n=1 wall 1711s
group 46/130 gen 176 n=1 wall 1761s
group 47/130 gen 177 n=2 wall 1818s
group 48/130 gen 183 n=1 wall 1859s
group 49/130 gen 184 n=2 wall 1901s
WARNING: Nan, Inf or huge value in QACC at DOF 0. The simulation is unstable. Time = 4.5680.

group 50/130 gen 188 n=1 wall 1929s
group 51/130 gen 190 n=1 wall 1959s
group 52/130 gen 191 n=1 wall 1983s
group 53/130 gen 192 n=1 wall 2015s
group 54/130 gen 196 n=1 wall 2040s
group 55/130 gen 197 n=1 wall 2064s
group 56/130 gen 198 n=1 wall 2090s
group 57/130 gen 199 n=2 wall 2145s
WARNING: Nan, Inf or huge value in QACC at DOF 1. The simulation is unstable. Time = 6.1280.

WARNING: Nan, Inf or huge value in QACC at DOF 1. The simulation is unstable. Time = 6.1280.

WARNING: Nan, Inf or huge value in QACC at DOF 1. The simulation is unstable. Time = 6.1280.

WARNING: Nan, Inf or huge value in QACC at DOF 1. The simulation is unstable. Time = 6.1280.

group 58/130 gen 200 n=1 wall 2168s
WARNING: Nan, Inf or huge value in QACC at DOF 4. The simulation is unstable. Time = 1.8480.

WARNING: Nan, Inf or huge value in QACC at DOF 0. The simulation is unstable. Time = 2.4040.

WARNING: Nan, Inf or huge value in QACC at DOF 0. The simulation is unstable. Time = 5.6920.

WARNING: Nan, Inf or huge value in QACC at DOF 0. The simulation is unstable. Time = 1.4800.

WARNING: Nan, Inf or huge value in QPOS at DOF 0. The simulation is unstable. Time = 0.0040.

WARNING: Nan, Inf or huge value in QACC at DOF 0. The simulation is unstable. Time = 0.0000.

WARNING: Nan, Inf or huge value in QPOS at DOF 0. The simulation is unstable. Time = 0.0040.

WARNING: Nan, Inf or huge value in QACC at DOF 0. The simulation is unstable. Time = 0.0000.

WARNING: Nan, Inf or huge value in QPOS at DOF 0. The simulation is unstable. Time = 0.0040.

WARNING: Nan, Inf or huge value in QACC at DOF 0. The simulation is unstable. Time = 0.0000.

WARNING: Nan, Inf or huge value in QPOS at DOF 0. The simulation is unstable. Time = 0.0040.

WARNING: Nan, Inf or huge value in QACC at DOF 0. The simulation is unstable. Time = 0.0000.

WARNING: Nan, Inf or huge value in QPOS at DOF 0. The simulation is unstable. Time = 0.0040.

WARNING: Nan, Inf or huge value in QACC at DOF 0. The simulation is unstable. Time = 0.0000.

WARNING: Nan, Inf or huge value in QPOS at DOF 0. The simulation is unstable. Time = 0.0040.

WARNING: Nan, Inf or huge value in QACC at DOF 0. The simulation is unstable. Time = 0.0000.

WARNING: Nan, Inf or huge value in QPOS at DOF 0. The simulation is unstable. Time = 0.0040.

WARNING: Nan, Inf or huge value in QACC at DOF 0. The simulation is unstable. Time = 0.0000.

WARNING: Nan, Inf or huge value in QPOS at DOF 0. The simulation is unstable. Time = 0.0040.

WARNING: Nan, Inf or huge value in QACC at DOF 0. The simulation is unstable. Time = 0.0000.

WARNING: Nan, Inf or huge value in QPOS at DOF 0. The simulation is unstable. Time = 0.0040.

WARNING: Nan, Inf or huge value in QACC at DOF 0. The simulation is unstable. Time = 0.0000.

WARNING: Nan, Inf or huge value in QACC at DOF 0. The simulation is unstable. Time = 2.0080.

WARNING: Nan, Inf or huge value in QACC at DOF 0. The simulation is unstable. Time = 2.6360.

WARNING: Nan, Inf or huge value in QPOS at DOF 0. The simulation is unstable. Time = 0.0040.

WARNING: Nan, Inf or huge value in QACC at DOF 0. The simulation is unstable. Time = 0.0000.

WARNING: Nan, Inf or huge value in QPOS at DOF 0. The simulation is unstable. Time = 0.0040.

WARNING: Nan, Inf or huge value in QACC at DOF 0. The simulation is unstable. Time = 0.0000.

WARNING: Nan, Inf or huge value in QPOS at DOF 0. The simulation is unstable. Time = 0.0040.

WARNING: Nan, Inf or huge value in QACC at DOF 0. The simulation is unstable. Time = 0.0000.

WARNING: Nan, Inf or huge value in QPOS at DOF 0. The simulation is unstable. Time = 0.0040.

WARNING: Nan, Inf or huge value in QACC at DOF 0. The simulation is unstable. Time = 0.0000.

WARNING: Nan, Inf or huge value in QPOS at DOF 0. The simulation is unstable. Time = 0.0040.

WARNING: Nan, Inf or huge value in QACC at DOF 0. The simulation is unstable. Time = 0.0000.

WARNING: Nan, Inf or huge value in QPOS at DOF 0. The simulation is unstable. Time = 0.0040.

WARNING: Nan, Inf or huge value in QACC at DOF 0. The simulation is unstable. Time = 0.0000.

WARNING: Nan, Inf or huge value in QPOS at DOF 0. The simulation is unstable. Time = 0.0040.

WARNING: Nan, Inf or huge value in QACC at DOF 0. The simulation is unstable. Time = 0.0000.

WARNING: Nan, Inf or huge value in QPOS at DOF 0. The simulation is unstable. Time = 0.0040.

WARNING: Nan, Inf or huge value in QACC at DOF 0. The simulation is unstable. Time = 0.0000.

WARNING: Nan, Inf or huge value in QPOS at DOF 0. The simulation is unstable. Time = 0.0040.

WARNING: Nan, Inf or huge value in QACC at DOF 0. The simulation is unstable. Time = 0.0000.

WARNING: Nan, Inf or huge value in QACC at DOF 0. The simulation is unstable. Time = 7.2400.

group 59/130 gen 201 n=1 wall 2196s
group 60/130 gen 203 n=1 wall 2241s
WARNING: Nan, Inf or huge value in QACC at DOF 6. The simulation is unstable. Time = 0.3760.

WARNING: Nan, Inf or huge value in QACC at DOF 6. The simulation is unstable. Time = 0.3760.

WARNING: Nan, Inf or huge value in QACC at DOF 0. The simulation is unstable. Time = 6.9040.

WARNING: Nan, Inf or huge value in QACC at DOF 0. The simulation is unstable. Time = 7.6440.

WARNING: Nan, Inf or huge value in QACC at DOF 6. The simulation is unstable. Time = 0.0200.

WARNING: Nan, Inf or huge value in QACC at DOF 6. The simulation is unstable. Time = 0.0200.

WARNING: Nan, Inf or huge value in QACC at DOF 0. The simulation is unstable. Time = 0.0200.

WARNING: Nan, Inf or huge value in QACC at DOF 6. The simulation is unstable. Time = 0.0200.

WARNING: Nan, Inf or huge value in QACC at DOF 6. The simulation is unstable. Time = 0.0200.

WARNING: Nan, Inf or huge value in QACC at DOF 0. The simulation is unstable. Time = 0.0200.

group 61/130 gen 204 n=1 wall 2273s
group 62/130 gen 205 n=4 wall 2411s
group 63/130 gen 206 n=2 wall 2460s
group 64/130 gen 207 n=1 wall 2496s
WARNING: Nan, Inf or huge value in QACC at DOF 1. The simulation is unstable. Time = 3.4400.

group 65/130 gen 208 n=3 wall 2582s
group 66/130 gen 210 n=3 wall 2677s
group 67/130 gen 213 n=1 wall 2717s
group 68/130 gen 214 n=2 wall 2772s
group 69/130 gen 216 n=1 wall 2795s
group 70/130 gen 217 n=1 wall 2828s
group 71/130 gen 218 n=1 wall 2874s
group 72/130 gen 219 n=1 wall 2899s
group 73/130 gen 221 n=2 wall 2962s
group 74/130 gen 222 n=2 wall 3013s
group 75/130 gen 223 n=1 wall 3057s
group 76/130 gen 224 n=2 wall 3105s
group 77/130 gen 225 n=1 wall 3144s
group 78/130 gen 228 n=1 wall 3190s
group 79/130 gen 229 n=1 wall 3238s
group 80/130 gen 230 n=1 wall 3267s
group 81/130 gen 231 n=1 wall 3308s
group 82/130 gen 233 n=3 wall 3410s
group 83/130 gen 234 n=1 wall 3455s
WARNING: Nan, Inf or huge value in QACC at DOF 4. The simulation is unstable. Time = 7.4240.

WARNING: Nan, Inf or huge value in QPOS at DOF 0. The simulation is unstable. Time = 0.0040.

WARNING: Nan, Inf or huge value in QACC at DOF 0. The simulation is unstable. Time = 0.0000.

WARNING: Nan, Inf or huge value in QACC at DOF 0. The simulation is unstable. Time = 2.6360.

WARNING: Nan, Inf or huge value in QPOS at DOF 0. The simulation is unstable. Time = 0.0040.

WARNING: Nan, Inf or huge value in QACC at DOF 0. The simulation is unstable. Time = 0.0000.

WARNING: Nan, Inf or huge value in QPOS at DOF 0. The simulation is unstable. Time = 0.0040.

WARNING: Nan, Inf or huge value in QACC at DOF 0. The simulation is unstable. Time = 0.0000.

WARNING: Nan, Inf or huge value in QPOS at DOF 0. The simulation is unstable. Time = 0.0040.

WARNING: Nan, Inf or huge value in QACC at DOF 0. The simulation is unstable. Time = 0.0000.

WARNING: Nan, Inf or huge value in QPOS at DOF 0. The simulation is unstable. Time = 0.0040.

WARNING: Nan, Inf or huge value in QACC at DOF 0. The simulation is unstable. Time = 0.0000.

WARNING: Nan, Inf or huge value in QPOS at DOF 0. The simulation is unstable. Time = 0.0040.

WARNING: Nan, Inf or huge value in QACC at DOF 0. The simulation is unstable. Time = 0.0000.

WARNING: Nan, Inf or huge value in QPOS at DOF 0. The simulation is unstable. Time = 0.0040.

WARNING: Nan, Inf or huge value in QACC at DOF 0. The simulation is unstable. Time = 0.0000.

WARNING: Nan, Inf or huge value in QPOS at DOF 0. The simulation is unstable. Time = 0.0040.

WARNING: Nan, Inf or huge value in QACC at DOF 0. The simulation is unstable. Time = 0.0000.

WARNING: Nan, Inf or huge value in QPOS at DOF 0. The simulation is unstable. Time = 0.0040.

WARNING: Nan, Inf or huge value in QACC at DOF 0. The simulation is unstable. Time = 0.0000.

WARNING: Nan, Inf or huge value in QPOS at DOF 0. The simulation is unstable. Time = 0.0040.

WARNING: Nan, Inf or huge value in QACC at DOF 0. The simulation is unstable. Time = 0.0000.

WARNING: Nan, Inf or huge value in QACC at DOF 0. The simulation is unstable. Time = 4.4560.

WARNING: Nan, Inf or huge value in QACC at DOF 5. The simulation is unstable. Time = 4.6360.

WARNING: Nan, Inf or huge value in QACC at DOF 6. The simulation is unstable. Time = 5.4800.

WARNING: Nan, Inf or huge value in QPOS at DOF 0. The simulation is unstable. Time = 0.0040.

WARNING: Nan, Inf or huge value in QACC at DOF 0. The simulation is unstable. Time = 0.0000.

WARNING: Nan, Inf or huge value in QPOS at DOF 0. The simulation is unstable. Time = 0.0040.

WARNING: Nan, Inf or huge value in QACC at DOF 0. The simulation is unstable. Time = 0.0000.

WARNING: Nan, Inf or huge value in QPOS at DOF 0. The simulation is unstable. Time = 0.0040.

WARNING: Nan, Inf or huge value in QACC at DOF 0. The simulation is unstable. Time = 0.0000.

WARNING: Nan, Inf or huge value in QPOS at DOF 0. The simulation is unstable. Time = 0.0040.

WARNING: Nan, Inf or huge value in QACC at DOF 0. The simulation is unstable. Time = 0.0000.

WARNING: Nan, Inf or huge value in QPOS at DOF 0. The simulation is unstable. Time = 0.0040.

WARNING: Nan, Inf or huge value in QACC at DOF 0. The simulation is unstable. Time = 0.0000.

WARNING: Nan, Inf or huge value in QPOS at DOF 0. The simulation is unstable. Time = 0.0040.

WARNING: Nan, Inf or huge value in QACC at DOF 0. The simulation is unstable. Time = 0.0000.

WARNING: Nan, Inf or huge value in QPOS at DOF 0. The simulation is unstable. Time = 0.0040.

WARNING: Nan, Inf or huge value in QACC at DOF 0. The simulation is unstable. Time = 0.0000.

WARNING: Nan, Inf or huge value in QACC at DOF 1. The simulation is unstable. Time = 6.4840.

WARNING: Nan, Inf or huge value in QACC at DOF 0. The simulation is unstable. Time = 7.8560.

WARNING: Nan, Inf or huge value in QPOS at DOF 0. The simulation is unstable. Time = 0.0040.

WARNING: Nan, Inf or huge value in QACC at DOF 0. The simulation is unstable. Time = 0.0000.

WARNING: Nan, Inf or huge value in QPOS at DOF 0. The simulation is unstable. Time = 0.0040.

WARNING: Nan, Inf or huge value in QACC at DOF 0. The simulation is unstable. Time = 0.0000.

WARNING: Nan, Inf or huge value in QPOS at DOF 0. The simulation is unstable. Time = 0.0040.

WARNING: Nan, Inf or huge value in QACC at DOF 0. The simulation is unstable. Time = 0.0000.

WARNING: Nan, Inf or huge value in QPOS at DOF 0. The simulation is unstable. Time = 0.0040.

WARNING: Nan, Inf or huge value in QACC at DOF 0. The simulation is unstable. Time = 0.0000.

WARNING: Nan, Inf or huge value in QPOS at DOF 0. The simulation is unstable. Time = 0.0040.

WARNING: Nan, Inf or huge value in QACC at DOF 0. The simulation is unstable. Time = 0.0000.

WARNING: Nan, Inf or huge value in QACC at DOF 0. The simulation is unstable. Time = 5.5320.

WARNING: Nan, Inf or huge value in QPOS at DOF 0. The simulation is unstable. Time = 0.0040.

WARNING: Nan, Inf or huge value in QACC at DOF 0. The simulation is unstable. Time = 0.0000.

WARNING: Nan, Inf or huge value in QPOS at DOF 0. The simulation is unstable. Time = 0.0040.

WARNING: Nan, Inf or huge value in QACC at DOF 0. The simulation is unstable. Time = 0.0000.

WARNING: Nan, Inf or huge value in QPOS at DOF 0. The simulation is unstable. Time = 0.0040.

WARNING: Nan, Inf or huge value in QACC at DOF 0. The simulation is unstable. Time = 0.0000.

WARNING: Nan, Inf or huge value in QPOS at DOF 0. The simulation is unstable. Time = 0.0040.

WARNING: Nan, Inf or huge value in QACC at DOF 0. The simulation is unstable. Time = 0.0000.

WARNING: Nan, Inf or huge value in QPOS at DOF 0. The simulation is unstable. Time = 0.0040.

WARNING: Nan, Inf or huge value in QACC at DOF 0. The simulation is unstable. Time = 0.0000.

WARNING: Nan, Inf or huge value in QPOS at DOF 0. The simulation is unstable. Time = 0.0040.

WARNING: Nan, Inf or huge value in QACC at DOF 0. The simulation is unstable. Time = 0.0000.

WARNING: Nan, Inf or huge value in QACC at DOF 0. The simulation is unstable. Time = 5.5600.

WARNING: Nan, Inf or huge value in QACC at DOF 7. The simulation is unstable. Time = 0.0320.

WARNING: Nan, Inf or huge value in QACC at DOF 7. The simulation is unstable. Time = 0.0320.

WARNING: Nan, Inf or huge value in QACC at DOF 0. The simulation is unstable. Time = 3.2640.

WARNING: Nan, Inf or huge value in QPOS at DOF 0. The simulation is unstable. Time = 0.0040.

WARNING: Nan, Inf or huge value in QACC at DOF 0. The simulation is unstable. Time = 0.0000.

group 84/130 gen 236 n=1 wall 3479s
group 85/130 gen 237 n=2 wall 3527s
group 86/130 gen 238 n=1 wall 3559s
group 87/130 gen 239 n=3 wall 3641s
group 88/130 gen 241 n=1 wall 3680s
group 89/130 gen 242 n=1 wall 3706s
group 90/130 gen 244 n=1 wall 3755s
group 91/130 gen 245 n=5 wall 3907s
group 92/130 gen 247 n=1 wall 3955s
group 93/130 gen 248 n=3 wall 4024s
group 94/130 gen 249 n=3 wall 4101s
group 95/130 gen 250 n=4 wall 4251s
group 96/130 gen 251 n=1 wall 4276s
WARNING: Nan, Inf or huge value in QACC at DOF 4. The simulation is unstable. Time = 1.8920.

WARNING: Nan, Inf or huge value in QACC at DOF 0. The simulation is unstable. Time = 2.1320.

group 97/130 gen 253 n=3 wall 4372s
group 98/130 gen 254 n=2 wall 4426s
group 99/130 gen 255 n=2 wall 4495s
group 100/130 gen 257 n=3 wall 4590s
group 101/130 gen 258 n=1 wall 4617s
group 102/130 gen 259 n=1 wall 4670s
group 103/130 gen 261 n=2 wall 4750s
group 104/130 gen 262 n=1 wall 4789s
group 105/130 gen 263 n=2 wall 4875s
group 106/130 gen 264 n=1 wall 4901s
group 107/130 gen 265 n=2 wall 4967s
group 108/130 gen 269 n=1 wall 4992s
group 109/130 gen 270 n=2 wall 5062s
WARNING: Nan, Inf or huge value in QACC at DOF 4. The simulation is unstable. Time = 3.1560.

group 110/130 gen 272 n=3 wall 5127s
group 111/130 gen 275 n=2 wall 5182s
WARNING: Nan, Inf or huge value in QACC at DOF 26. The simulation is unstable. Time = 4.9120.

WARNING: Nan, Inf or huge value in QACC at DOF 0. The simulation is unstable. Time = 7.3400.

WARNING: Nan, Inf or huge value in QPOS at DOF 0. The simulation is unstable. Time = 0.0040.

WARNING: Nan, Inf or huge value in QACC at DOF 0. The simulation is unstable. Time = 0.0000.

WARNING: Nan, Inf or huge value in QPOS at DOF 0. The simulation is unstable. Time = 0.0040.

WARNING: Nan, Inf or huge value in QACC at DOF 0. The simulation is unstable. Time = 0.0000.

WARNING: Nan, Inf or huge value in QPOS at DOF 0. The simulation is unstable. Time = 0.0040.

WARNING: Nan, Inf or huge value in QACC at DOF 0. The simulation is unstable. Time = 0.0000.

WARNING: Nan, Inf or huge value in QPOS at DOF 0. The simulation is unstable. Time = 0.0040.

WARNING: Nan, Inf or huge value in QACC at DOF 0. The simulation is unstable. Time = 0.0000.

WARNING: Nan, Inf or huge value in QACC at DOF 0. The simulation is unstable. Time = 5.5520.

WARNING: Nan, Inf or huge value in QACC at DOF 0. The simulation is unstable. Time = 6.1400.

WARNING: Nan, Inf or huge value in QPOS at DOF 0. The simulation is unstable. Time = 0.0040.

WARNING: Nan, Inf or huge value in QACC at DOF 0. The simulation is unstable. Time = 0.0000.

WARNING: Nan, Inf or huge value in QPOS at DOF 0. The simulation is unstable. Time = 0.0040.

WARNING: Nan, Inf or huge value in QACC at DOF 0. The simulation is unstable. Time = 0.0000.

WARNING: Nan, Inf or huge value in QPOS at DOF 0. The simulation is unstable. Time = 0.0040.

WARNING: Nan, Inf or huge value in QACC at DOF 0. The simulation is unstable. Time = 0.0000.

WARNING: Nan, Inf or huge value in QPOS at DOF 0. The simulation is unstable. Time = 0.0040.

WARNING: Nan, Inf or huge value in QACC at DOF 0. The simulation is unstable. Time = 0.0000.

WARNING: Nan, Inf or huge value in QACC at DOF 0. The simulation is unstable. Time = 2.6600.

WARNING: Nan, Inf or huge value in QACC at DOF 0. The simulation is unstable. Time = 2.6920.

WARNING: Nan, Inf or huge value in QACC at DOF 0. The simulation is unstable. Time = 3.0040.

WARNING: Nan, Inf or huge value in QACC at DOF 0. The simulation is unstable. Time = 3.4520.

WARNING: Nan, Inf or huge value in QACC at DOF 7. The simulation is unstable. Time = 4.5200.

WARNING: Nan, Inf or huge value in QACC at DOF 0. The simulation is unstable. Time = 5.3160.

WARNING: Nan, Inf or huge value in QACC at DOF 0. The simulation is unstable. Time = 5.7960.

WARNING: Nan, Inf or huge value in QACC at DOF 0. The simulation is unstable. Time = 6.4600.

WARNING: Nan, Inf or huge value in QPOS at DOF 0. The simulation is unstable. Time = 0.0040.

WARNING: Nan, Inf or huge value in QACC at DOF 0. The simulation is unstable. Time = 0.0000.

WARNING: Nan, Inf or huge value in QPOS at DOF 0. The simulation is unstable. Time = 0.0040.

WARNING: Nan, Inf or huge value in QACC at DOF 0. The simulation is unstable. Time = 0.0000.

WARNING: Nan, Inf or huge value in QPOS at DOF 0. The simulation is unstable. Time = 0.0040.

WARNING: Nan, Inf or huge value in QACC at DOF 0. The simulation is unstable. Time = 0.0000.

WARNING: Nan, Inf or huge value in QPOS at DOF 0. The simulation is unstable. Time = 0.0040.

WARNING: Nan, Inf or huge value in QACC at DOF 0. The simulation is unstable. Time = 0.0000.

WARNING: Nan, Inf or huge value in QPOS at DOF 0. The simulation is unstable. Time = 0.0040.

WARNING: Nan, Inf or huge value in QACC at DOF 0. The simulation is unstable. Time = 0.0000.

WARNING: Nan, Inf or huge value in QPOS at DOF 0. The simulation is unstable. Time = 0.0040.

WARNING: Nan, Inf or huge value in QACC at DOF 0. The simulation is unstable. Time = 0.0000.

WARNING: Nan, Inf or huge value in QPOS at DOF 0. The simulation is unstable. Time = 0.0040.

WARNING: Nan, Inf or huge value in QACC at DOF 0. The simulation is unstable. Time = 0.0000.

WARNING: Nan, Inf or huge value in QPOS at DOF 0. The simulation is unstable. Time = 0.0040.

WARNING: Nan, Inf or huge value in QACC at DOF 0. The simulation is unstable. Time = 0.0000.

WARNING: Nan, Inf or huge value in QPOS at DOF 0. The simulation is unstable. Time = 0.0040.

WARNING: Nan, Inf or huge value in QACC at DOF 0. The simulation is unstable. Time = 0.0000.

WARNING: Nan, Inf or huge value in QACC at DOF 3. The simulation is unstable. Time = 5.4400.

WARNING: Nan, Inf or huge value in QPOS at DOF 0. The simulation is unstable. Time = 0.0040.

WARNING: Nan, Inf or huge value in QACC at DOF 0. The simulation is unstable. Time = 0.0000.

WARNING: Nan, Inf or huge value in QPOS at DOF 0. The simulation is unstable. Time = 0.0040.

WARNING: Nan, Inf or huge value in QACC at DOF 0. The simulation is unstable. Time = 0.0000.

WARNING: Nan, Inf or huge value in QPOS at DOF 0. The simulation is unstable. Time = 0.0040.

WARNING: Nan, Inf or huge value in QACC at DOF 0. The simulation is unstable. Time = 0.0000.

WARNING: Nan, Inf or huge value in QPOS at DOF 0. The simulation is unstable. Time = 0.0040.

WARNING: Nan, Inf or huge value in QACC at DOF 0. The simulation is unstable. Time = 0.0000.

WARNING: Nan, Inf or huge value in QPOS at DOF 0. The simulation is unstable. Time = 0.0040.

WARNING: Nan, Inf or huge value in QACC at DOF 0. The simulation is unstable. Time = 0.0000.

WARNING: Nan, Inf or huge value in QPOS at DOF 0. The simulation is unstable. Time = 0.0040.

WARNING: Nan, Inf or huge value in QACC at DOF 0. The simulation is unstable. Time = 0.0000.

WARNING: Nan, Inf or huge value in QPOS at DOF 0. The simulation is unstable. Time = 0.0040.

WARNING: Nan, Inf or huge value in QACC at DOF 0. The simulation is unstable. Time = 0.0000.

WARNING: Nan, Inf or huge value in QACC at DOF 0. The simulation is unstable. Time = 7.6720.

WARNING: Nan, Inf or huge value in QPOS at DOF 0. The simulation is unstable. Time = 0.0040.

WARNING: Nan, Inf or huge value in QACC at DOF 0. The simulation is unstable. Time = 0.0000.

WARNING: Nan, Inf or huge value in QACC at DOF 6. The simulation is unstable. Time = 5.7920.

group 112/130 gen 276 n=3 wall 5258s
group 113/130 gen 278 n=3 wall 5337s
group 114/130 gen 279 n=4 wall 5447s
group 115/130 gen 280 n=1 wall 5476s
group 116/130 gen 281 n=1 wall 5515s
group 117/130 gen 282 n=1 wall 5555s
group 118/130 gen 284 n=1 wall 5596s
group 119/130 gen 285 n=1 wall 5645s
group 120/130 gen 286 n=1 wall 5676s
group 121/130 gen 287 n=2 wall 5745s
group 122/130 gen 288 n=1 wall 5781s
group 123/130 gen 289 n=1 wall 5821s
group 124/130 gen 291 n=1 wall 5846s
WARNING: Nan, Inf or huge value in QACC at DOF 8. The simulation is unstable. Time = 3.0240.

WARNING: Nan, Inf or huge value in QACC at DOF 8. The simulation is unstable. Time = 3.0240.

WARNING: Nan, Inf or huge value in QACC at DOF 0. The simulation is unstable. Time = 6.7560.

group 125/130 gen 292 n=2 wall 5907s
group 126/130 gen 293 n=2 wall 5977s
group 127/130 gen 294 n=2 wall 6037s
group 128/130 gen 295 n=3 wall 6139s
group 129/130 gen 296 n=2 wall 6188s
group 130/130 gen 299 n=3 wall 6266s
{
 "run": "runs/arch48",
 "n_elites": 200,
 "of_archive": 200,
 "trials_per_elite": 3,
 "wall_s": 6266.451496601105,
 "skipped": {
  "no_controller": [],
  "no_own_weights": []
 },
 "table": {
  "mission": {
   "trials": 600,
   "accepted": 2,
   "accept_share": 0.0033333333333333335,
   "elites_with_an_acceptance": 2,
   "gain_s": [
    2.0706967442829863e-07,
    6.581294821139666e-10,
    4.134812193744833e-07
   ],
   "gain_fresh": [
    0.0,
    0.0,
    0.0
   ],
   "control_fresh": [
    1.2060497060405076e-08,
    -2.5078236462840884e-09,
    3.974085649106548e-08
   ],
   "retained": 0.0,
   "fresh_gain_positive_share": 0.0
  },
  "island": {
   "trials": 600,
   "accepted": 107,
   "accept_share": 0.17833333333333334,
   "elites_with_an_acceptance": 62,
   "gain_s": [
    0.0017689428887452457,
    0.0011044315268879247,
    0.0026542977700470256
   ],
   "gain_fresh": [
    0.00040409117248582,
    4.8207432501717004e-05,
    0.0007891626091525494
   ],
   "control_fresh": [
    9.1351370781168e-05,
    1.8733390388995865e-05,
    0.0001676693015301376
   ],
   "retained": 0.22843652842430187,
   "fresh_gain_positive_share": 0.4766355140186916
  },
  "stage": {
   "trials": 600,
   "accepted": 155,
   "accept_share": 0.25833333333333336,
   "elites_with_an_acceptance": 94,
   "gain_s": [
    0.04479980582445589,
    0.033505473415549984,
    0.05675892096899995
   ],
   "gain_fresh": [
    0.003814784847913447,
    -0.0019555810543911423,
    0.009428930532569508
   ],
   "control_fresh": [
    -0.0025876225528734765,
    -0.00628524392295213,
    0.0009972912422829899
   ],
   "retained": 0.0851518165695036,
   "fresh_gain_positive_share": 0.33548387096774196
  }
 },
 "verdicts": {
  "P1": true,
  "P2": false,
  "P3": true,
  "P4": false,
  "above_control": {
   "mission": false,
   "island": false,
   "stage": true
  },
  "decision": {
   "island": "selects noise: refine-steps 0",
   "stage": "switch criterion, report a draw other than the one that chose"
  }
 },
 "seed_spread": {
  "air": {
   "n": 200,
   "mean_s": 0.0009483199032669644,
   "mean_fresh": 0.0002852828893645721,
   "draw_var": 1.5858650147077772e-05,
   "design_var": 7.332139517995925e-06,
   "nonzero_s": 12,
   "nonzero_fresh": 8,
   "ratio_draw_to_design": 2.162895306091008
  },
  "water": {
   "n": 200,
   "mean_s": 0.011873452747394077,
   "mean_fresh": 0.008383309946517804,
   "draw_var": 0.0005103228312518992,
   "design_var": 0.0005041315907233481,
   "nonzero_s": 87,
   "nonzero_fresh": 86,
   "ratio_draw_to_design": 1.0122810009181684
  },
  "land": {
   "n": 200,
   "mean_s": 0.01877820310680427,
   "mean_fresh": 0.01461759528009385,
   "draw_var": 0.001016361767417897,
   "design_var": 0.0009746319167577271,
   "nonzero_s": 89,
   "nonzero_fresh": 72,
   "ratio_draw_to_design": 1.0428160107858884
  }
 },
 "islands": {
  "triphibian": 32,
  "land_air": 35,
  "air": 31,
  "generalist": 30,
  "water": 25,
  "amphibian": 15,
  "aerial_diver": 16,
  "land": 16
 }
}
