229 elites, measuring 229 in 136 (gen, seed) groups; K=6, segment_seconds 8.0
group 1/136 gen 13 n=1 wall 35s
group 2/136 gen 21 n=1 wall 66s
group 3/136 gen 23 n=1 wall 113s
group 4/136 gen 24 n=1 wall 144s
group 5/136 gen 26 n=1 wall 177s
group 6/136 gen 29 n=2 wall 232s
group 7/136 gen 31 n=1 wall 263s
group 8/136 gen 32 n=1 wall 289s
group 9/136 gen 37 n=1 wall 320s
group 10/136 gen 38 n=1 wall 349s
group 11/136 gen 46 n=1 wall 352s
group 12/136 gen 50 n=1 wall 394s
group 13/136 gen 56 n=2 wall 447s
group 14/136 gen 67 n=1 wall 481s
group 15/136 gen 69 n=1 wall 509s
group 16/136 gen 75 n=1 wall 549s
group 17/136 gen 81 n=1 wall 579s
group 18/136 gen 91 n=1 wall 626s
group 19/136 gen 92 n=2 wall 701s
group 20/136 gen 93 n=1 wall 734s
group 21/136 gen 94 n=1 wall 776s
group 22/136 gen 101 n=1 wall 807s
group 23/136 gen 102 n=1 wall 833s
group 24/136 gen 111 n=1 wall 876s
group 25/136 gen 114 n=1 wall 906s
group 26/136 gen 115 n=2 wall 964s
group 27/136 gen 116 n=3 wall 1057s
group 28/136 gen 118 n=2 wall 1134s
group 29/136 gen 128 n=1 wall 1159s
group 30/136 gen 132 n=2 wall 1209s
group 31/136 gen 133 n=1 wall 1235s
group 32/136 gen 135 n=1 wall 1282s
group 33/136 gen 143 n=1 wall 1286s
WARNING: Nan, Inf or huge value in QACC at DOF 1. The simulation is unstable. Time = 2.9800.

WARNING: Nan, Inf or huge value in QACC at DOF 0. The simulation is unstable. Time = 2.9840.

WARNING: Nan, Inf or huge value in QACC at DOF 0. The simulation is unstable. Time = 3.0480.

group 34/136 gen 145 n=1 wall 1313s
group 35/136 gen 151 n=2 wall 1379s
group 36/136 gen 152 n=1 wall 1413s
group 37/136 gen 153 n=1 wall 1452s
group 38/136 gen 154 n=1 wall 1491s
group 39/136 gen 155 n=2 wall 1568s
group 40/136 gen 156 n=2 wall 1637s
group 41/136 gen 159 n=2 wall 1722s
group 42/136 gen 160 n=1 wall 1758s
group 43/136 gen 161 n=2 wall 1793s
group 44/136 gen 162 n=1 wall 1820s
group 45/136 gen 165 n=1 wall 1841s
group 46/136 gen 167 n=1 wall 1842s
group 47/136 gen 171 n=2 wall 1908s
group 48/136 gen 172 n=1 wall 1942s
group 49/136 gen 173 n=1 wall 1985s
group 50/136 gen 176 n=1 wall 2017s
group 51/136 gen 178 n=1 wall 2060s
group 52/136 gen 179 n=1 wall 2097s
group 53/136 gen 180 n=2 wall 2160s
group 54/136 gen 181 n=2 wall 2203s
group 55/136 gen 183 n=1 wall 2227s
group 56/136 gen 184 n=1 wall 2273s
group 57/136 gen 188 n=1 wall 2306s
group 58/136 gen 190 n=2 wall 2353s
group 59/136 gen 191 n=1 wall 2370s
group 60/136 gen 192 n=1 wall 2397s
group 61/136 gen 193 n=1 wall 2438s
group 62/136 gen 194 n=2 wall 2496s
group 63/136 gen 197 n=2 wall 2527s
group 64/136 gen 199 n=2 wall 2601s
group 65/136 gen 200 n=1 wall 2642s
group 66/136 gen 202 n=1 wall 2677s
WARNING: Nan, Inf or huge value in QACC at DOF 0. The simulation is unstable. Time = 0.2800.

WARNING: Nan, Inf or huge value in QACC at DOF 0. The simulation is unstable. Time = 0.2800.

WARNING: Nan, Inf or huge value in QACC at DOF 0. The simulation is unstable. Time = 0.2800.

WARNING: Nan, Inf or huge value in QACC at DOF 0. The simulation is unstable. Time = 0.2800.

WARNING: Nan, Inf or huge value in QACC at DOF 0. The simulation is unstable. Time = 0.2800.

WARNING: Nan, Inf or huge value in QPOS at DOF 0. The simulation is unstable. Time = 0.0040.

WARNING: Nan, Inf or huge value in QACC at DOF 0. The simulation is unstable. Time = 0.0000.

WARNING: Nan, Inf or huge value in QPOS at DOF 0. The simulation is unstable. Time = 0.0040.

WARNING: Nan, Inf or huge value in QACC at DOF 0. The simulation is unstable. Time = 0.0000.

WARNING: Nan, Inf or huge value in QPOS at DOF 0. The simulation is unstable. Time = 0.0040.

WARNING: Nan, Inf or huge value in QACC at DOF 0. The simulation is unstable. Time = 0.0000.

WARNING: Nan, Inf or huge value in QPOS at DOF 0. The simulation is unstable. Time = 0.0040.

WARNING: Nan, Inf or huge value in QACC at DOF 0. The simulation is unstable. Time = 0.0000.

WARNING: Nan, Inf or huge value in QPOS at DOF 0. The simulation is unstable. Time = 0.0040.

WARNING: Nan, Inf or huge value in QACC at DOF 0. The simulation is unstable. Time = 0.0000.

WARNING: Nan, Inf or huge value in QPOS at DOF 0. The simulation is unstable. Time = 0.0040.

WARNING: Nan, Inf or huge value in QACC at DOF 0. The simulation is unstable. Time = 0.0000.

WARNING: Nan, Inf or huge value in QPOS at DOF 0. The simulation is unstable. Time = 0.0040.

WARNING: Nan, Inf or huge value in QACC at DOF 0. The simulation is unstable. Time = 0.0000.

WARNING: Nan, Inf or huge value in QPOS at DOF 0. The simulation is unstable. Time = 0.0040.

WARNING: Nan, Inf or huge value in QACC at DOF 0. The simulation is unstable. Time = 0.0000.

WARNING: Nan, Inf or huge value in QPOS at DOF 0. The simulation is unstable. Time = 0.0040.

WARNING: Nan, Inf or huge value in QACC at DOF 0. The simulation is unstable. Time = 0.0000.

WARNING: Nan, Inf or huge value in QPOS at DOF 0. The simulation is unstable. Time = 0.0040.

WARNING: Nan, Inf or huge value in QACC at DOF 0. The simulation is unstable. Time = 0.0000.

WARNING: Nan, Inf or huge value in QPOS at DOF 0. The simulation is unstable. Time = 0.0040.

WARNING: Nan, Inf or huge value in QACC at DOF 0. The simulation is unstable. Time = 0.0000.

WARNING: Nan, Inf or huge value in QPOS at DOF 0. The simulation is unstable. Time = 0.0040.

WARNING: Nan, Inf or huge value in QACC at DOF 0. The simulation is unstable. Time = 0.0000.

WARNING: Nan, Inf or huge value in QPOS at DOF 0. The simulation is unstable. Time = 0.0040.

WARNING: Nan, Inf or huge value in QPOS at DOF 0. The simulation is unstable. Time = 0.0040.

WARNING: Nan, Inf or huge value in QPOS at DOF 0. The simulation is unstable. Time = 0.0040.

WARNING: Nan, Inf or huge value in QPOS at DOF 0. The simulation is unstable. Time = 0.0040.

WARNING: Nan, Inf or huge value in QACC at DOF 0. The simulation is unstable. Time = 0.0040.

WARNING: Nan, Inf or huge value in QACC at DOF 0. The simulation is unstable. Time = 0.0040.

WARNING: Nan, Inf or huge value in QACC at DOF 0. The simulation is unstable. Time = 0.0040.

WARNING: Nan, Inf or huge value in QACC at DOF 0. The simulation is unstable. Time = 0.0040.

WARNING: Nan, Inf or huge value in QACC at DOF 0. The simulation is unstable. Time = 0.3400.

WARNING: Nan, Inf or huge value in QACC at DOF 0. The simulation is unstable. Time = 0.3400.

WARNING: Nan, Inf or huge value in QACC at DOF 0. The simulation is unstable. Time = 0.3400.

WARNING: Nan, Inf or huge value in QACC at DOF 0. The simulation is unstable. Time = 0.3400.

WARNING: Nan, Inf or huge value in QACC at DOF 0. The simulation is unstable. Time = 0.3400.

WARNING: Nan, Inf or huge value in QACC at DOF 0. The simulation is unstable. Time = 0.3400.

WARNING: Nan, Inf or huge value in QACC at DOF 0. The simulation is unstable. Time = 0.3400.

WARNING: Nan, Inf or huge value in QPOS at DOF 0. The simulation is unstable. Time = 0.0040.

WARNING: Nan, Inf or huge value in QACC at DOF 0. The simulation is unstable. Time = 0.0000.

WARNING: Nan, Inf or huge value in QPOS at DOF 0. The simulation is unstable. Time = 0.0040.

WARNING: Nan, Inf or huge value in QACC at DOF 0. The simulation is unstable. Time = 0.0000.

WARNING: Nan, Inf or huge value in QPOS at DOF 0. The simulation is unstable. Time = 0.0040.

WARNING: Nan, Inf or huge value in QACC at DOF 0. The simulation is unstable. Time = 0.0000.

WARNING: Nan, Inf or huge value in QPOS at DOF 0. The simulation is unstable. Time = 0.0040.

WARNING: Nan, Inf or huge value in QACC at DOF 0. The simulation is unstable. Time = 0.0000.

WARNING: Nan, Inf or huge value in QPOS at DOF 0. The simulation is unstable. Time = 0.0040.

WARNING: Nan, Inf or huge value in QACC at DOF 0. The simulation is unstable. Time = 0.0000.

WARNING: Nan, Inf or huge value in QPOS at DOF 0. The simulation is unstable. Time = 0.0040.

WARNING: Nan, Inf or huge value in QACC at DOF 0. The simulation is unstable. Time = 0.0000.

WARNING: Nan, Inf or huge value in QPOS at DOF 0. The simulation is unstable. Time = 0.0040.

WARNING: Nan, Inf or huge value in QACC at DOF 0. The simulation is unstable. Time = 0.0000.

WARNING: Nan, Inf or huge value in QPOS at DOF 0. The simulation is unstable. Time = 0.0040.

WARNING: Nan, Inf or huge value in QACC at DOF 0. The simulation is unstable. Time = 0.0000.

WARNING: Nan, Inf or huge value in QPOS at DOF 0. The simulation is unstable. Time = 0.0040.

WARNING: Nan, Inf or huge value in QACC at DOF 0. The simulation is unstable. Time = 0.0000.

WARNING: Nan, Inf or huge value in QPOS at DOF 0. The simulation is unstable. Time = 0.0040.

WARNING: Nan, Inf or huge value in QACC at DOF 0. The simulation is unstable. Time = 0.0000.

WARNING: Nan, Inf or huge value in QPOS at DOF 0. The simulation is unstable. Time = 0.0040.

WARNING: Nan, Inf or huge value in QACC at DOF 0. The simulation is unstable. Time = 0.0000.

WARNING: Nan, Inf or huge value in QPOS at DOF 0. The simulation is unstable. Time = 0.0040.

WARNING: Nan, Inf or huge value in QACC at DOF 0. The simulation is unstable. Time = 0.0000.

WARNING: Nan, Inf or huge value in QPOS at DOF 0. The simulation is unstable. Time = 0.0040.

WARNING: Nan, Inf or huge value in QACC at DOF 0. The simulation is unstable. Time = 0.0000.

WARNING: Nan, Inf or huge value in QPOS at DOF 0. The simulation is unstable. Time = 0.0040.

WARNING: Nan, Inf or huge value in QACC at DOF 0. The simulation is unstable. Time = 0.0000.

WARNING: Nan, Inf or huge value in QPOS at DOF 0. The simulation is unstable. Time = 0.0040.

WARNING: Nan, Inf or huge value in QACC at DOF 0. The simulation is unstable. Time = 0.0000.

WARNING: Nan, Inf or huge value in QPOS at DOF 0. The simulation is unstable. Time = 0.0040.

WARNING: Nan, Inf or huge value in QACC at DOF 0. The simulation is unstable. Time = 0.0000.

WARNING: Nan, Inf or huge value in QPOS at DOF 0. The simulation is unstable. Time = 0.0040.

WARNING: Nan, Inf or huge value in QACC at DOF 0. The simulation is unstable. Time = 0.0000.

WARNING: Nan, Inf or huge value in QPOS at DOF 0. The simulation is unstable. Time = 0.0040.

WARNING: Nan, Inf or huge value in QACC at DOF 0. The simulation is unstable. Time = 0.0000.

WARNING: Nan, Inf or huge value in QPOS at DOF 0. The simulation is unstable. Time = 0.0040.

WARNING: Nan, Inf or huge value in QPOS at DOF 0. The simulation is unstable. Time = 0.0040.

WARNING: Nan, Inf or huge value in QPOS at DOF 0. The simulation is unstable. Time = 0.0040.

WARNING: Nan, Inf or huge value in QPOS at DOF 0. The simulation is unstable. Time = 0.0040.

WARNING: Nan, Inf or huge value in QPOS at DOF 0. The simulation is unstable. Time = 0.0040.

WARNING: Nan, Inf or huge value in QPOS at DOF 0. The simulation is unstable. Time = 0.0040.

WARNING: Nan, Inf or huge value in QPOS at DOF 0. The simulation is unstable. Time = 0.0040.

WARNING: Nan, Inf or huge value in QACC at DOF 0. The simulation is unstable. Time = 0.0000.

WARNING: Nan, Inf or huge value in QACC at DOF 0. The simulation is unstable. Time = 0.0040.

WARNING: Nan, Inf or huge value in QACC at DOF 0. The simulation is unstable. Time = 0.0040.

WARNING: Nan, Inf or huge value in QACC at DOF 0. The simulation is unstable. Time = 0.0040.

WARNING: Nan, Inf or huge value in QACC at DOF 0. The simulation is unstable. Time = 0.0040.

WARNING: Nan, Inf or huge value in QACC at DOF 0. The simulation is unstable. Time = 0.0040.

WARNING: Nan, Inf or huge value in QACC at DOF 0. The simulation is unstable. Time = 0.0040.

group 67/136 gen 205 n=1 wall 2708s
group 68/136 gen 206 n=2 wall 2763s
group 69/136 gen 207 n=1 wall 2818s
group 70/136 gen 208 n=1 wall 2854s
group 71/136 gen 209 n=3 wall 2946s
group 72/136 gen 213 n=1 wall 2973s
group 73/136 gen 215 n=4 wall 3045s
group 74/136 gen 217 n=1 wall 3076s
group 75/136 gen 219 n=1 wall 3118s
group 76/136 gen 220 n=1 wall 3154s
group 77/136 gen 221 n=1 wall 3185s
group 78/136 gen 222 n=1 wall 3215s
group 79/136 gen 228 n=2 wall 3315s
group 80/136 gen 229 n=1 wall 3353s
group 81/136 gen 230 n=1 wall 3386s
group 82/136 gen 232 n=3 wall 3531s
WARNING: Nan, Inf or huge value in QACC at DOF 0. The simulation is unstable. Time = 2.8320.

WARNING: Nan, Inf or huge value in QACC at DOF 0. The simulation is unstable. Time = 2.9240.

WARNING: Nan, Inf or huge value in QACC at DOF 0. The simulation is unstable. Time = 2.9880.

group 83/136 gen 233 n=2 wall 3618s
group 84/136 gen 235 n=1 wall 3680s
group 85/136 gen 236 n=1 wall 3734s
group 86/136 gen 238 n=1 wall 3802s
group 87/136 gen 242 n=1 wall 3872s
group 88/136 gen 243 n=1 wall 3910s
group 89/136 gen 244 n=2 wall 3985s
group 90/136 gen 246 n=1 wall 4036s
group 91/136 gen 248 n=1 wall 4076s
group 92/136 gen 251 n=1 wall 4104s
group 93/136 gen 252 n=1 wall 4143s
group 94/136 gen 253 n=1 wall 4180s
group 95/136 gen 254 n=1 wall 4222s
group 96/136 gen 255 n=2 wall 4282s
group 97/136 gen 256 n=2 wall 4412s
group 98/136 gen 257 n=2 wall 4472s
group 99/136 gen 258 n=1 wall 4518s
group 100/136 gen 260 n=2 wall 4598s
group 101/136 gen 261 n=5 wall 4779s
group 102/136 gen 262 n=1 wall 4817s
group 103/136 gen 263 n=3 wall 4901s
group 104/136 gen 264 n=3 wall 5061s
group 105/136 gen 265 n=2 wall 5150s
group 106/136 gen 266 n=1 wall 5208s
group 107/136 gen 267 n=1 wall 5298s
group 108/136 gen 268 n=2 wall 5422s
group 109/136 gen 269 n=4 wall 5567s
group 110/136 gen 270 n=2 wall 5666s
group 111/136 gen 271 n=6 wall 5899s
group 112/136 gen 272 n=1 wall 5967s
WARNING: Nan, Inf or huge value in QACC at DOF 6. The simulation is unstable. Time = 2.6960.

group 113/136 gen 273 n=2 wall 6050s
group 114/136 gen 274 n=2 wall 6152s
group 115/136 gen 275 n=3 wall 6320s
WARNING: Nan, Inf or huge value in QACC at DOF 8. The simulation is unstable. Time = 0.4400.

group 116/136 gen 277 n=4 wall 6477s
group 117/136 gen 278 n=2 wall 6549s
group 118/136 gen 279 n=3 wall 6592s
group 119/136 gen 280 n=2 wall 6722s
group 120/136 gen 281 n=2 wall 6804s
group 121/136 gen 282 n=2 wall 6905s
group 122/136 gen 283 n=2 wall 6998s
group 123/136 gen 284 n=2 wall 7105s
WARNING: Nan, Inf or huge value in QACC at DOF 0. The simulation is unstable. Time = 0.2640.

WARNING: Nan, Inf or huge value in QPOS at DOF 0. The simulation is unstable. Time = 0.0040.

WARNING: Nan, Inf or huge value in QACC at DOF 0. The simulation is unstable. Time = 0.0000.

WARNING: Nan, Inf or huge value in QACC at DOF 0. The simulation is unstable. Time = 0.2960.

WARNING: Nan, Inf or huge value in QPOS at DOF 0. The simulation is unstable. Time = 0.0040.

WARNING: Nan, Inf or huge value in QACC at DOF 0. The simulation is unstable. Time = 0.0000.

WARNING: Nan, Inf or huge value in QACC at DOF 0. The simulation is unstable. Time = 0.3120.

WARNING: Nan, Inf or huge value in QPOS at DOF 0. The simulation is unstable. Time = 0.0040.

WARNING: Nan, Inf or huge value in QACC at DOF 0. The simulation is unstable. Time = 0.0000.

WARNING: Nan, Inf or huge value in QPOS at DOF 0. The simulation is unstable. Time = 0.0040.

WARNING: Nan, Inf or huge value in QACC at DOF 0. The simulation is unstable. Time = 0.0000.

WARNING: Nan, Inf or huge value in QPOS at DOF 0. The simulation is unstable. Time = 0.0040.

WARNING: Nan, Inf or huge value in QACC at DOF 0. The simulation is unstable. Time = 0.0000.

WARNING: Nan, Inf or huge value in QPOS at DOF 0. The simulation is unstable. Time = 0.0040.

WARNING: Nan, Inf or huge value in QACC at DOF 0. The simulation is unstable. Time = 0.0000.

WARNING: Nan, Inf or huge value in QPOS at DOF 0. The simulation is unstable. Time = 0.0040.

WARNING: Nan, Inf or huge value in QACC at DOF 0. The simulation is unstable. Time = 0.0000.

WARNING: Nan, Inf or huge value in QPOS at DOF 0. The simulation is unstable. Time = 0.0040.

WARNING: Nan, Inf or huge value in QACC at DOF 0. The simulation is unstable. Time = 0.0040.

WARNING: Nan, Inf or huge value in QACC at DOF 0. The simulation is unstable. Time = 0.3440.

WARNING: Nan, Inf or huge value in QPOS at DOF 0. The simulation is unstable. Time = 0.0040.

WARNING: Nan, Inf or huge value in QACC at DOF 0. The simulation is unstable. Time = 0.0000.

WARNING: Nan, Inf or huge value in QACC at DOF 0. The simulation is unstable. Time = 0.3760.

WARNING: Nan, Inf or huge value in QACC at DOF 0. The simulation is unstable. Time = 0.3760.

WARNING: Nan, Inf or huge value in QACC at DOF 0. The simulation is unstable. Time = 0.3840.

WARNING: Nan, Inf or huge value in QPOS at DOF 0. The simulation is unstable. Time = 0.0040.

WARNING: Nan, Inf or huge value in QACC at DOF 0. The simulation is unstable. Time = 0.0000.

WARNING: Nan, Inf or huge value in QPOS at DOF 0. The simulation is unstable. Time = 0.0040.

WARNING: Nan, Inf or huge value in QACC at DOF 0. The simulation is unstable. Time = 0.0000.

WARNING: Nan, Inf or huge value in QPOS at DOF 0. The simulation is unstable. Time = 0.0040.

WARNING: Nan, Inf or huge value in QACC at DOF 0. The simulation is unstable. Time = 0.0000.

WARNING: Nan, Inf or huge value in QPOS at DOF 0. The simulation is unstable. Time = 0.0040.

WARNING: Nan, Inf or huge value in QACC at DOF 0. The simulation is unstable. Time = 0.0000.

WARNING: Nan, Inf or huge value in QPOS at DOF 0. The simulation is unstable. Time = 0.0040.

WARNING: Nan, Inf or huge value in QPOS at DOF 0. The simulation is unstable. Time = 0.0040.

WARNING: Nan, Inf or huge value in QACC at DOF 0. The simulation is unstable. Time = 0.0000.

WARNING: Nan, Inf or huge value in QPOS at DOF 0. The simulation is unstable. Time = 0.0040.

WARNING: Nan, Inf or huge value in QACC at DOF 0. The simulation is unstable. Time = 0.0000.

WARNING: Nan, Inf or huge value in QACC at DOF 0. The simulation is unstable. Time = 0.0040.

WARNING: Nan, Inf or huge value in QPOS at DOF 0. The simulation is unstable. Time = 0.0040.

WARNING: Nan, Inf or huge value in QACC at DOF 0. The simulation is unstable. Time = 0.0000.

WARNING: Nan, Inf or huge value in QACC at DOF 0. The simulation is unstable. Time = 0.2960.

WARNING: Nan, Inf or huge value in QACC at DOF 0. The simulation is unstable. Time = 0.2960.

WARNING: Nan, Inf or huge value in QACC at DOF 0. The simulation is unstable. Time = 0.2960.

WARNING: Nan, Inf or huge value in QACC at DOF 0. The simulation is unstable. Time = 0.2960.

WARNING: Nan, Inf or huge value in QACC at DOF 0. The simulation is unstable. Time = 0.2960.

WARNING: Nan, Inf or huge value in QACC at DOF 0. The simulation is unstable. Time = 0.2960.

WARNING: Nan, Inf or huge value in QACC at DOF 0. The simulation is unstable. Time = 0.2960.

WARNING: Nan, Inf or huge value in QPOS at DOF 0. The simulation is unstable. Time = 0.0040.

WARNING: Nan, Inf or huge value in QACC at DOF 0. The simulation is unstable. Time = 0.0000.

WARNING: Nan, Inf or huge value in QPOS at DOF 0. The simulation is unstable. Time = 0.0040.

WARNING: Nan, Inf or huge value in QACC at DOF 0. The simulation is unstable. Time = 0.0000.

WARNING: Nan, Inf or huge value in QPOS at DOF 0. The simulation is unstable. Time = 0.0040.

WARNING: Nan, Inf or huge value in QACC at DOF 0. The simulation is unstable. Time = 0.0000.

WARNING: Nan, Inf or huge value in QPOS at DOF 0. The simulation is unstable. Time = 0.0040.

WARNING: Nan, Inf or huge value in QACC at DOF 0. The simulation is unstable. Time = 0.0000.

WARNING: Nan, Inf or huge value in QPOS at DOF 0. The simulation is unstable. Time = 0.0040.

WARNING: Nan, Inf or huge value in QACC at DOF 0. The simulation is unstable. Time = 0.0000.

WARNING: Nan, Inf or huge value in QPOS at DOF 0. The simulation is unstable. Time = 0.0040.

WARNING: Nan, Inf or huge value in QACC at DOF 0. The simulation is unstable. Time = 0.0000.

WARNING: Nan, Inf or huge value in QPOS at DOF 0. The simulation is unstable. Time = 0.0040.

WARNING: Nan, Inf or huge value in QACC at DOF 0. The simulation is unstable. Time = 0.0000.

WARNING: Nan, Inf or huge value in QPOS at DOF 0. The simulation is unstable. Time = 0.0040.

WARNING: Nan, Inf or huge value in QACC at DOF 0. The simulation is unstable. Time = 0.0000.

WARNING: Nan, Inf or huge value in QPOS at DOF 0. The simulation is unstable. Time = 0.0040.

WARNING: Nan, Inf or huge value in QACC at DOF 0. The simulation is unstable. Time = 0.0000.

WARNING: Nan, Inf or huge value in QPOS at DOF 0. The simulation is unstable. Time = 0.0040.

WARNING: Nan, Inf or huge value in QACC at DOF 0. The simulation is unstable. Time = 0.0000.

WARNING: Nan, Inf or huge value in QPOS at DOF 0. The simulation is unstable. Time = 0.0040.

WARNING: Nan, Inf or huge value in QACC at DOF 0. The simulation is unstable. Time = 0.0000.

WARNING: Nan, Inf or huge value in QPOS at DOF 0. The simulation is unstable. Time = 0.0040.

WARNING: Nan, Inf or huge value in QACC at DOF 0. The simulation is unstable. Time = 0.0000.

WARNING: Nan, Inf or huge value in QPOS at DOF 0. The simulation is unstable. Time = 0.0040.

WARNING: Nan, Inf or huge value in QACC at DOF 0. The simulation is unstable. Time = 0.0000.

WARNING: Nan, Inf or huge value in QPOS at DOF 0. The simulation is unstable. Time = 0.0040.

WARNING: Nan, Inf or huge value in QACC at DOF 0. The simulation is unstable. Time = 0.0000.

WARNING: Nan, Inf or huge value in QPOS at DOF 0. The simulation is unstable. Time = 0.0040.

WARNING: Nan, Inf or huge value in QACC at DOF 0. The simulation is unstable. Time = 0.0000.

WARNING: Nan, Inf or huge value in QPOS at DOF 0. The simulation is unstable. Time = 0.0040.

WARNING: Nan, Inf or huge value in QACC at DOF 0. The simulation is unstable. Time = 0.0000.

WARNING: Nan, Inf or huge value in QPOS at DOF 0. The simulation is unstable. Time = 0.0040.

WARNING: Nan, Inf or huge value in QACC at DOF 0. The simulation is unstable. Time = 0.0000.

WARNING: Nan, Inf or huge value in QPOS at DOF 0. The simulation is unstable. Time = 0.0040.

WARNING: Nan, Inf or huge value in QACC at DOF 0. The simulation is unstable. Time = 0.0000.

WARNING: Nan, Inf or huge value in QPOS at DOF 0. The simulation is unstable. Time = 0.0040.

WARNING: Nan, Inf or huge value in QACC at DOF 0. The simulation is unstable. Time = 0.0000.

WARNING: Nan, Inf or huge value in QPOS at DOF 0. The simulation is unstable. Time = 0.0040.

WARNING: Nan, Inf or huge value in QACC at DOF 0. The simulation is unstable. Time = 0.0000.

WARNING: Nan, Inf or huge value in QPOS at DOF 0. The simulation is unstable. Time = 0.0040.

WARNING: Nan, Inf or huge value in QACC at DOF 0. The simulation is unstable. Time = 0.0000.

group 124/136 gen 285 n=3 wall 7211s
group 125/136 gen 287 n=6 wall 7398s
group 126/136 gen 288 n=3 wall 7554s
group 127/136 gen 290 n=2 wall 7631s
group 128/136 gen 291 n=3 wall 7774s
group 129/136 gen 292 n=2 wall 7853s
group 130/136 gen 293 n=3 wall 7959s
WARNING: Nan, Inf or huge value in QACC at DOF 0. The simulation is unstable. Time = 0.3240.

WARNING: Nan, Inf or huge value in QACC at DOF 0. The simulation is unstable. Time = 0.3240.

WARNING: Nan, Inf or huge value in QPOS at DOF 0. The simulation is unstable. Time = 0.0040.

WARNING: Nan, Inf or huge value in QACC at DOF 0. The simulation is unstable. Time = 0.0000.

WARNING: Nan, Inf or huge value in QPOS at DOF 0. The simulation is unstable. Time = 0.0040.

WARNING: Nan, Inf or huge value in QACC at DOF 0. The simulation is unstable. Time = 0.0000.

WARNING: Nan, Inf or huge value in QPOS at DOF 0. The simulation is unstable. Time = 0.0040.

WARNING: Nan, Inf or huge value in QACC at DOF 0. The simulation is unstable. Time = 0.0000.

WARNING: Nan, Inf or huge value in QPOS at DOF 0. The simulation is unstable. Time = 0.0040.

WARNING: Nan, Inf or huge value in QACC at DOF 0. The simulation is unstable. Time = 0.0000.

WARNING: Nan, Inf or huge value in QPOS at DOF 0. The simulation is unstable. Time = 0.0040.

WARNING: Nan, Inf or huge value in QACC at DOF 0. The simulation is unstable. Time = 0.0000.

WARNING: Nan, Inf or huge value in QPOS at DOF 0. The simulation is unstable. Time = 0.0040.

WARNING: Nan, Inf or huge value in QACC at DOF 0. The simulation is unstable. Time = 0.0000.

WARNING: Nan, Inf or huge value in QPOS at DOF 0. The simulation is unstable. Time = 0.0040.

WARNING: Nan, Inf or huge value in QACC at DOF 0. The simulation is unstable. Time = 0.0000.

WARNING: Nan, Inf or huge value in QPOS at DOF 0. The simulation is unstable. Time = 0.0040.

WARNING: Nan, Inf or huge value in QACC at DOF 0. The simulation is unstable. Time = 0.0000.

WARNING: Nan, Inf or huge value in QACC at DOF 0. The simulation is unstable. Time = 0.3520.

WARNING: Nan, Inf or huge value in QPOS at DOF 0. The simulation is unstable. Time = 0.0040.

WARNING: Nan, Inf or huge value in QPOS at DOF 0. The simulation is unstable. Time = 0.0040.

WARNING: Nan, Inf or huge value in QPOS at DOF 0. The simulation is unstable. Time = 0.0040.

WARNING: Nan, Inf or huge value in QACC at DOF 0. The simulation is unstable. Time = 0.0000.

WARNING: Nan, Inf or huge value in QACC at DOF 0. The simulation is unstable. Time = 0.0040.

WARNING: Nan, Inf or huge value in QACC at DOF 0. The simulation is unstable. Time = 0.0040.

WARNING: Nan, Inf or huge value in QACC at DOF 0. The simulation is unstable. Time = 0.3600.

WARNING: Nan, Inf or huge value in QPOS at DOF 0. The simulation is unstable. Time = 0.0040.

WARNING: Nan, Inf or huge value in QACC at DOF 0. The simulation is unstable. Time = 0.0000.

WARNING: Nan, Inf or huge value in QPOS at DOF 0. The simulation is unstable. Time = 0.0040.

WARNING: Nan, Inf or huge value in QACC at DOF 0. The simulation is unstable. Time = 0.0000.

WARNING: Nan, Inf or huge value in QPOS at DOF 0. The simulation is unstable. Time = 0.0040.

WARNING: Nan, Inf or huge value in QACC at DOF 0. The simulation is unstable. Time = 0.0000.

WARNING: Nan, Inf or huge value in QPOS at DOF 0. The simulation is unstable. Time = 0.0040.

WARNING: Nan, Inf or huge value in QACC at DOF 0. The simulation is unstable. Time = 0.0040.

WARNING: Nan, Inf or huge value in QACC at DOF 0. The simulation is unstable. Time = 0.3880.

WARNING: Nan, Inf or huge value in QACC at DOF 0. The simulation is unstable. Time = 0.4040.

WARNING: Nan, Inf or huge value in QPOS at DOF 0. The simulation is unstable. Time = 0.0040.

WARNING: Nan, Inf or huge value in QACC at DOF 0. The simulation is unstable. Time = 0.0000.

WARNING: Nan, Inf or huge value in QPOS at DOF 0. The simulation is unstable. Time = 0.0040.

WARNING: Nan, Inf or huge value in QACC at DOF 0. The simulation is unstable. Time = 0.0000.

WARNING: Nan, Inf or huge value in QPOS at DOF 0. The simulation is unstable. Time = 0.0040.

WARNING: Nan, Inf or huge value in QACC at DOF 0. The simulation is unstable. Time = 0.0000.

WARNING: Nan, Inf or huge value in QPOS at DOF 0. The simulation is unstable. Time = 0.0040.

WARNING: Nan, Inf or huge value in QACC at DOF 0. The simulation is unstable. Time = 0.0000.

WARNING: Nan, Inf or huge value in QPOS at DOF 0. The simulation is unstable. Time = 0.0040.

WARNING: Nan, Inf or huge value in QACC at DOF 0. The simulation is unstable. Time = 0.0040.

WARNING: Nan, Inf or huge value in QACC at DOF 0. The simulation is unstable. Time = 0.6600.

WARNING: Nan, Inf or huge value in QPOS at DOF 0. The simulation is unstable. Time = 0.0040.

WARNING: Nan, Inf or huge value in QACC at DOF 0. The simulation is unstable. Time = 0.0000.

WARNING: Nan, Inf or huge value in QACC at DOF 0. The simulation is unstable. Time = 7.9560.

WARNING: Nan, Inf or huge value in QPOS at DOF 0. The simulation is unstable. Time = 0.0040.

WARNING: Nan, Inf or huge value in QACC at DOF 0. The simulation is unstable. Time = 0.0000.

WARNING: Nan, Inf or huge value in QPOS at DOF 0. The simulation is unstable. Time = 0.0040.

WARNING: Nan, Inf or huge value in QACC at DOF 0. The simulation is unstable. Time = 0.0000.

WARNING: Nan, Inf or huge value in QPOS at DOF 0. The simulation is unstable. Time = 0.0040.

WARNING: Nan, Inf or huge value in QACC at DOF 0. The simulation is unstable. Time = 0.0000.

WARNING: Nan, Inf or huge value in QPOS at DOF 0. The simulation is unstable. Time = 0.0040.

WARNING: Nan, Inf or huge value in QACC at DOF 0. The simulation is unstable. Time = 0.0040.

WARNING: Nan, Inf or huge value in QACC at DOF 0. The simulation is unstable. Time = 0.3720.

WARNING: Nan, Inf or huge value in QACC at DOF 0. The simulation is unstable. Time = 0.3720.

WARNING: Nan, Inf or huge value in QACC at DOF 0. The simulation is unstable. Time = 0.3720.

WARNING: Nan, Inf or huge value in QACC at DOF 0. The simulation is unstable. Time = 0.3720.

WARNING: Nan, Inf or huge value in QACC at DOF 0. The simulation is unstable. Time = 0.3720.

WARNING: Nan, Inf or huge value in QACC at DOF 0. The simulation is unstable. Time = 0.3720.

WARNING: Nan, Inf or huge value in QACC at DOF 0. The simulation is unstable. Time = 0.3720.

WARNING: Nan, Inf or huge value in QPOS at DOF 0. The simulation is unstable. Time = 0.0040.

WARNING: Nan, Inf or huge value in QACC at DOF 0. The simulation is unstable. Time = 0.0000.

WARNING: Nan, Inf or huge value in QPOS at DOF 0. The simulation is unstable. Time = 0.0040.

WARNING: Nan, Inf or huge value in QACC at DOF 0. The simulation is unstable. Time = 0.0000.

WARNING: Nan, Inf or huge value in QPOS at DOF 0. The simulation is unstable. Time = 0.0040.

WARNING: Nan, Inf or huge value in QACC at DOF 0. The simulation is unstable. Time = 0.0000.

WARNING: Nan, Inf or huge value in QPOS at DOF 0. The simulation is unstable. Time = 0.0040.

WARNING: Nan, Inf or huge value in QACC at DOF 0. The simulation is unstable. Time = 0.0000.

WARNING: Nan, Inf or huge value in QPOS at DOF 0. The simulation is unstable. Time = 0.0040.

WARNING: Nan, Inf or huge value in QACC at DOF 0. The simulation is unstable. Time = 0.0000.

WARNING: Nan, Inf or huge value in QPOS at DOF 0. The simulation is unstable. Time = 0.0040.

WARNING: Nan, Inf or huge value in QACC at DOF 0. The simulation is unstable. Time = 0.0000.

WARNING: Nan, Inf or huge value in QPOS at DOF 0. The simulation is unstable. Time = 0.0040.

WARNING: Nan, Inf or huge value in QACC at DOF 0. The simulation is unstable. Time = 0.0000.

WARNING: Nan, Inf or huge value in QPOS at DOF 0. The simulation is unstable. Time = 0.0040.

WARNING: Nan, Inf or huge value in QACC at DOF 0. The simulation is unstable. Time = 0.0000.

WARNING: Nan, Inf or huge value in QPOS at DOF 0. The simulation is unstable. Time = 0.0040.

WARNING: Nan, Inf or huge value in QACC at DOF 0. The simulation is unstable. Time = 0.0000.

WARNING: Nan, Inf or huge value in QPOS at DOF 0. The simulation is unstable. Time = 0.0040.

WARNING: Nan, Inf or huge value in QACC at DOF 0. The simulation is unstable. Time = 0.0000.

group 131/136 gen 294 n=3 wall 8098s
group 132/136 gen 295 n=3 wall 8224s
group 133/136 gen 296 n=4 wall 8426s
group 134/136 gen 297 n=1 wall 8461s
group 135/136 gen 298 n=2 wall 8543s
group 136/136 gen 299 n=2 wall 8654s
{
 "run": "runs/arch49",
 "n_elites": 229,
 "of_archive": 229,
 "k": 6,
 "wall_s": 8654.081862449646,
 "skipped": {
  "no_controller": []
 },
 "table": {
  "air": {
   "n": 229,
   "k": 6,
   "nonzero_any_fresh": 47,
   "underpowered": false,
   "mean_s": 0.0036435029219927264,
   "mean_fresh": 0.0017390637362013899,
   "curse": 0.5226945679927572,
   "draw_var": 0.0002765161623573444,
   "design_var": 4.8022050565836425e-05,
   "R": 5.758108183619755,
   "R_ci": [
    2.2219033539920794,
    37.97562039474954
   ],
   "icc1": 0.14797040426547056,
   "k80": 23.03243273447902,
   "rank": 0.39140806023876645,
   "verdict": "draw dominates: sequential evaluation earns a build"
  },
  "water": {
   "n": 229,
   "k": 6,
   "nonzero_any_fresh": 188,
   "underpowered": false,
   "mean_s": 0.012905348930185526,
   "mean_fresh": 0.009635495846057603,
   "curse": 0.2533719236742029,
   "draw_var": 0.0005125993802236154,
   "design_var": 0.0001500547106966447,
   "R": 3.416083226203423,
   "R_ci": [
    1.7745416555072198,
    7.8681393498663725
   ],
   "icc1": 0.22644500766343478,
   "k80": 13.664332904813692,
   "rank": 0.3415624513864182,
   "verdict": "draw dominates: sequential evaluation earns a build"
  },
  "land": {
   "n": 229,
   "k": 6,
   "nonzero_any_fresh": 176,
   "underpowered": false,
   "mean_s": 0.014546458135271875,
   "mean_fresh": 0.011983136843799832,
   "curse": 0.17621618043615495,
   "draw_var": 0.0010564967646439303,
   "design_var": 0.000576163277565934,
   "R": 1.8336759834941558,
   "R_ci": [
    1.1922817012902815,
    2.9555108083065385
   ],
   "icc1": 0.3528984985668395,
   "k80": 7.334703933976623,
   "rank": 0.4257940979963623,
   "verdict": "draw dominates: sequential evaluation earns a build"
  },
  "island": {
   "n": 229,
   "k": 6,
   "nonzero_any_fresh": 87,
   "underpowered": false,
   "mean_s": 0.0003385971669831952,
   "mean_fresh": 0.00031102704999931915,
   "curse": 0.08142453532472815,
   "draw_var": 9.64521273004882e-07,
   "design_var": 8.855934987411229e-07,
   "R": 1.0891241572752683,
   "R_ci": [
    0.7241140858600585,
    1.6300667281482233
   ],
   "icc1": 0.4786694924366036,
   "k80": 4.356496629101073,
   "rank": 0.5749044226232384,
   "verdict": "undecided: k80 = 4.4, build nothing"
  },
  "stage": {
   "n": 229,
   "k": 6,
   "nonzero_any_fresh": 173,
   "underpowered": false,
   "mean_s": 0.016813803194838144,
   "mean_fresh": 0.011631499770115981,
   "curse": 0.3082172049160856,
   "draw_var": 0.0010655532422844747,
   "design_var": 0.00045693573354298135,
   "R": 2.3319542860489464,
   "R_ci": [
    1.5151828952017736,
    4.061209058587332
   ],
   "icc1": 0.3001241656246751,
   "k80": 9.327817144195786,
   "rank": 0.4958764491144765,
   "verdict": "draw dominates: sequential evaluation earns a build"
  }
 },
 "predictions": {
  "P1": {
   "water": true,
   "land": true
  },
  "P2": {
   "water": true,
   "land": false
  },
  "P3": {
   "water": true,
   "land": true
  },
  "P4": true
 },
 "bad_qacc_rows": 7,
 "islands": {
  "land_air": 39,
  "generalist": 42,
  "air": 31,
  "land": 20,
  "triphibian": 23,
  "amphibian": 25,
  "water": 21,
  "aerial_diver": 28
 }
}
